
> codeswayam-auth@0.1.0 build
> next build

▲ Next.js 16.2.6 (Turbopack)
- Environments: .env.local, .env.production

⚠ The "middleware" file convention is deprecated. Please use "proxy" instead. Learn more: https://nextjs.org/docs/messages/middleware-to-proxy
  Creating an optimized production build ...
✓ Compiled successfully in 31.8s
  Running TypeScript ...
  Finished TypeScript in 54s ...
  Collecting page data using 7 workers ...
  Generating static pages using 7 workers (0/28) ...
  Generating static pages using 7 workers (7/28) 
  Generating static pages using 7 workers (14/28) 
  Generating static pages using 7 workers (21/28) 
✓ Generating static pages using 7 workers (28/28) in 4.6s
  Finalizing page optimization ...

Route (app)
┌ ○ /
├ ○ /_not-found
├ ○ /account
├ ○ /account/activity
├ ○ /account/admin/domains
├ ○ /account/admin/referrals
├ ○ /account/admin/security
├ ○ /account/apps
├ ○ /account/billing
├ ○ /account/credits
├ ○ /account/notifications
├ ○ /account/preferences
├ ○ /account/profile
├ ○ /account/referrals
├ ○ /account/security
├ ○ /account/subscriptions
├ ○ /dashboard
├ ○ /forgot-password
├ ○ /invoices
├ ƒ /invoices/[id]
├ ○ /login
├ ○ /profile
├ ○ /profile/security
├ ○ /profile/subscription
├ ○ /reset-password
├ ○ /signup
└ ○ /sso


ƒ Proxy (Middleware)

○  (Static)   prerendered as static content
ƒ  (Dynamic)  server-rendered on demand

